{
    "constraint": "^7.3.32 || ^8.3 <=8.3.14",
    "versions": [
        "7.3.32",
        "7.3.33",
        "7.4.0",
        "7.4.1",
        "7.4.2",
        "7.4.3",
        "7.4.4",
        "7.4.5",
        "7.4.6",
        "7.4.7",
        "7.4.8",
        "7.4.9",
        "7.4.10",
        "7.4.11",
        "7.4.12",
        "7.4.13",
        "7.4.14",
        "7.4.15",
        "7.4.16",
        "7.4.18",
        "7.4.19",
        "7.4.20",
        "7.4.21",
        "7.4.22",
        "7.4.23",
        "7.4.24",
        "7.4.25",
        "7.4.26",
        "7.4.27",
        "7.4.28",
        "7.4.29",
        "7.4.30",
        "7.4.32",
        "7.4.33",
        "8.3.0",
        "8.3.1",
        "8.3.2",
        "8.3.3",
        "8.3.4",
        "8.3.6",
        "8.3.7",
        "8.3.8",
        "8.3.9",
        "8.3.10",
        "8.3.11",
        "8.3.12",
        "8.3.13",
        "8.3.14"
    ],
    "lowest": "7.3.32",
    "highest": "8.3.14"
}
