{
    "constraint": "^7.4.28 || ^8.3 <=8.3.14",
    "versions": [
        "7.4",
        "8.3"
    ],
    "lowest": "7.4",
    "highest": "8.3"
}
