{
    "constraint": "7.3.5",
    "versions": [
        "7.3.5"
    ],
    "lowest": "7.3.5",
    "highest": "7.3.5"
}
