{
    "constraint": "~7.3.5",
    "versions": [
        "7.3"
    ],
    "lowest": "7.3",
    "highest": "7.3"
}
