{
    "constraint": "~7.3",
    "versions": [
        "7.3.0",
        "7.3.1",
        "7.3.2",
        "7.3.3",
        "7.3.4",
        "7.3.5",
        "7.3.6",
        "7.3.7",
        "7.3.8",
        "7.3.9",
        "7.3.10",
        "7.3.11",
        "7.3.12",
        "7.3.13",
        "7.3.14",
        "7.3.15",
        "7.3.16",
        "7.3.17",
        "7.3.18",
        "7.3.19",
        "7.3.20",
        "7.3.21",
        "7.3.22",
        "7.3.23",
        "7.3.24",
        "7.3.25",
        "7.3.26",
        "7.3.27",
        "7.3.28",
        "7.3.29",
        "7.3.30",
        "7.3.31",
        "7.3.32",
        "7.3.33",
        "7.4.0",
        "7.4.1",
        "7.4.2",
        "7.4.3",
        "7.4.4",
        "7.4.5",
        "7.4.6",
        "7.4.7",
        "7.4.8",
        "7.4.9",
        "7.4.10",
        "7.4.11",
        "7.4.12",
        "7.4.13",
        "7.4.14",
        "7.4.15",
        "7.4.16",
        "7.4.18",
        "7.4.19",
        "7.4.20",
        "7.4.21",
        "7.4.22",
        "7.4.23",
        "7.4.24",
        "7.4.25",
        "7.4.26",
        "7.4.27",
        "7.4.28",
        "7.4.29",
        "7.4.30",
        "7.4.32",
        "7.4.33"
    ],
    "lowest": "7.3.0",
    "highest": "7.4.33"
}
