{
    "constraint": "~7.3.5",
    "versions": [
        "7.3.33",
        "7.3.32",
        "7.3.31",
        "7.3.30",
        "7.3.29",
        "7.3.28",
        "7.3.27",
        "7.3.26",
        "7.3.25",
        "7.3.24",
        "7.3.23",
        "7.3.22",
        "7.3.21",
        "7.3.20",
        "7.3.19",
        "7.3.18",
        "7.3.17",
        "7.3.16",
        "7.3.15",
        "7.3.14",
        "7.3.13",
        "7.3.12",
        "7.3.11",
        "7.3.10",
        "7.3.9",
        "7.3.8",
        "7.3.7",
        "7.3.6",
        "7.3.5"
    ],
    "lowest": "7.3.5",
    "highest": "7.3.33"
}
